---
http_interactions:
- request:
    method: get
    uri: https://api.wit.ai/message?q=find%20me%20a%20recipe%20for%20Beluga%20Caviar%20with%20Marshmallows
    body:
      encoding: US-ASCII
      string: ''
    headers:
      Authorization:
      - Bearer <Wit Auth>
  response:
    status:
      code: 200
      message: OK
    headers:
      Content-Type:
      - application/json
      Content-Length:
      - '226'
      Server:
      - http-kit
      Date:
      - Mon, 30 Sep 2013 19:19:54 GMT
    body:
      encoding: UTF-8
      string: |-
        {
          "msg_id" : "632ceaba-e820-490c-9eb1-e727672ff0a3",
          "msg_body" : "find me a recipe for Beluga Caviar with Marshmallows",
          "outcome" : {
            "intent" : "recipe_lookup",
            "entities" : { },
            "confidence" : 0.531
          }
        }
    http_version: 
  recorded_at: Mon, 30 Sep 2013 19:19:54 GMT
- request:
    method: get
    uri: http://napi.maluuba.com/v0/interpret?apikey&phrase=find%20me%20a%20recipe%20for%20Beluga%20Caviar%20with%20Marshmallows
    body:
      encoding: US-ASCII
      string: ''
    headers: {}
  response:
    status:
      code: 200
      message: OK
    headers:
      Content-Type:
      - application/json;charset=UTF-8
      Date:
      - Mon, 30 Sep 2013 19:20:45 GMT
      Server:
      - Apache-Coyote/1.1
      Content-Length:
      - '109'
    body:
      encoding: UTF-8
      string: '{"entities":{"searchTerm":["beluga caviar with marshmallows"]},"action":"SEARCH_RECIPES","category":"SEARCH"}'
    http_version: 
  recorded_at: Mon, 30 Sep 2013 19:19:55 GMT
- request:
    method: get
    uri: http://api.yummly.com/v1/api/recipes?_app_id=<Yummly ID>&_app_key=<Yummly
      Key>&q=Beluga%20Caviar%20with%20Marshmallows
    body:
      encoding: US-ASCII
      string: ''
    headers:
      User-Agent:
      - Faraday v0.8.8
      Accept-Encoding:
      - gzip;q=1.0,deflate;q=0.6,identity;q=0.3
      Accept:
      - '*/*'
  response:
    status:
      code: 200
      message: OK
    headers:
      Content-Type:
      - application/json; charset=utf-8
      Date:
      - Mon, 30 Sep 2013 19:19:55 GMT
      Server:
      - nginx
      X-Yummly-Request-Id:
      - 6d9e05c4-8917-4943-b387-4832248cfff9
      Content-Length:
      - '249'
      Connection:
      - keep-alive
    body:
      encoding: UTF-8
      string: '{"attribution":{"html":"Recipe search powered by <a href=''http://www.yummly.com/recipes''><img
        alt=''Yummly'' src=''http://static.yummly.com/api-logo.png''/></a>","url":"http://www.yummly.com/recipes/","text":"Recipe
        search powered by Yummly","logo":"http://static.yummly.com/api-logo.png"},"totalMatchCount":0,"facetCounts":{},"matches":[],"criteria":{"excludedIngredients":null,"allowedIngredients":null,"terms":null}}'
    http_version: 
  recorded_at: Mon, 30 Sep 2013 19:19:55 GMT
recorded_with: VCR 2.5.0
