---
http_interactions:
- request:
    method: get
    uri: https://api.wit.ai/message?q=hello%20you
    body:
      encoding: US-ASCII
      string: ''
    headers:
      Authorization:
      - Bearer <Wit Auth>
  response:
    status:
      code: 200
      message: OK
    headers:
      Content-Type:
      - application/json
      Content-Length:
      - '174'
      Server:
      - http-kit
      Date:
      - Sun, 29 Sep 2013 19:47:56 GMT
    body:
      encoding: UTF-8
      string: |-
        {
          "msg_id" : "84326488-c741-4b93-b7ca-35928ce1fd03",
          "msg_body" : "hello you",
          "outcome" : {
            "intent" : "hello",
            "entities" : { },
            "confidence" : 0.99
          }
        }
    http_version: 
  recorded_at: Sun, 29 Sep 2013 19:47:56 GMT
- request:
    method: get
    uri: http://napi.maluuba.com/v0/interpret?apikey&phrase=hello%20you
    body:
      encoding: US-ASCII
      string: ''
    headers: {}
  response:
    status:
      code: 200
      message: OK
    headers:
      Content-Type:
      - application/json;charset=UTF-8
      Date:
      - Sun, 29 Sep 2013 19:48:46 GMT
      Server:
      - Apache-Coyote/1.1
      Content-Length:
      - '66'
    body:
      encoding: UTF-8
      string: '{"entities":{},"action":"KNOWLEDGE_SEARCH","category":"KNOWLEDGE"}'
    http_version: 
  recorded_at: Sun, 29 Sep 2013 19:47:56 GMT
- request:
    method: get
    uri: https://api.wit.ai/message?q=hello%20you
    body:
      encoding: US-ASCII
      string: ''
    headers:
      Authorization:
      - Bearer <Wit Auth>
  response:
    status:
      code: 200
      message: OK
    headers:
      Content-Type:
      - application/json
      Content-Length:
      - '175'
      Server:
      - http-kit
      Date:
      - Tue, 08 Oct 2013 23:17:15 GMT
    body:
      encoding: UTF-8
      string: |-
        {
          "msg_id" : "6f7a8c2e-a4ce-4842-bdd1-f35a294097d6",
          "msg_body" : "hello you",
          "outcome" : {
            "intent" : "hello",
            "entities" : { },
            "confidence" : 0.994
          }
        }
    http_version: 
  recorded_at: Tue, 08 Oct 2013 23:17:16 GMT
- request:
    method: get
    uri: http://spotlight.dbpedia.org/rest/annotate?confidence=0&support=0&text=hello%20you
    body:
      encoding: US-ASCII
      string: ''
    headers:
      Accept:
      - application/json
  response:
    status:
      code: 200
      message: OK
    headers:
      Date:
      - Tue, 08 Oct 2013 23:49:44 GMT
      Server:
      - grizzly/1.9.48
      Access-Control-Allow-Origin:
      - '*'
      Content-Type:
      - application/json
      Transfer-Encoding:
      - chunked
    body:
      encoding: UTF-8
      string: |-
        {
          "@text": "hello you",
          "@confidence": "0.0",
          "@support": "0",
          "@types": "",
          "@sparql": "",
          "@policy": "whitelist"
        }
    http_version: 
  recorded_at: Tue, 08 Oct 2013 23:49:51 GMT
- request:
    method: get
    uri: http://spotlight.dbpedia.org/rest/annotate?confidence=0&support=0&text=http://cogi.strinz.me/messages/996599113_876
    body:
      encoding: US-ASCII
      string: ''
    headers:
      Accept:
      - application/json
  response:
    status:
      code: 200
      message: OK
    headers:
      Date:
      - Tue, 08 Oct 2013 23:50:49 GMT
      Server:
      - grizzly/1.9.48
      Access-Control-Allow-Origin:
      - '*'
      Content-Type:
      - application/json
      Transfer-Encoding:
      - chunked
    body:
      encoding: UTF-8
      string: |-
        {
          "@text": "http://cogi.strinz.me/messages/996599113_876",
          "@confidence": "0.0",
          "@support": "0",
          "@types": "",
          "@sparql": "",
          "@policy": "whitelist",
          "Resources":   [
                {
              "@URI": "http://dbpedia.org/resource/Hypertext_Transfer_Protocol",
              "@support": "248",
              "@types": "Freebase:/internet/protocol,Freebase:/internet,Freebase:/computer/internet_protocol,Freebase:/computer,Freebase:/internet/api",
              "@surfaceForm": "http://",
              "@offset": "0",
              "@similarityScore": "0.11038549989461899",
              "@percentageOfSecondRank": "-1.0"
            },
                {
              "@URI": "http://dbpedia.org/resource/Message",
              "@support": "153",
              "@types": "",
              "@surfaceForm": "messages",
              "@offset": "22",
              "@similarityScore": "0.11354076862335205",
              "@percentageOfSecondRank": "0.6434202120008525"
            }
          ]
        }
    http_version: 
  recorded_at: Tue, 08 Oct 2013 23:50:56 GMT
- request:
    method: get
    uri: http://spotlight.dbpedia.org/rest/annotate?confidence=0&support=0&text=http://cogi.strinz.me/messages/638564060_344
    body:
      encoding: US-ASCII
      string: ''
    headers:
      Accept:
      - application/json
  response:
    status:
      code: 200
      message: OK
    headers:
      Date:
      - Tue, 08 Oct 2013 23:51:02 GMT
      Server:
      - grizzly/1.9.48
      Access-Control-Allow-Origin:
      - '*'
      Content-Type:
      - application/json
      Transfer-Encoding:
      - chunked
    body:
      encoding: UTF-8
      string: |-
        {
          "@text": "http://cogi.strinz.me/messages/638564060_344",
          "@confidence": "0.0",
          "@support": "0",
          "@types": "",
          "@sparql": "",
          "@policy": "whitelist",
          "Resources":   [
                {
              "@URI": "http://dbpedia.org/resource/Hypertext_Transfer_Protocol",
              "@support": "248",
              "@types": "Freebase:/internet/protocol,Freebase:/internet,Freebase:/computer/internet_protocol,Freebase:/computer,Freebase:/internet/api",
              "@surfaceForm": "http://",
              "@offset": "0",
              "@similarityScore": "0.11038549989461899",
              "@percentageOfSecondRank": "-1.0"
            },
                {
              "@URI": "http://dbpedia.org/resource/Message",
              "@support": "153",
              "@types": "",
              "@surfaceForm": "messages",
              "@offset": "22",
              "@similarityScore": "0.11354076862335205",
              "@percentageOfSecondRank": "0.6434202120008525"
            }
          ]
        }
    http_version: 
  recorded_at: Tue, 08 Oct 2013 23:51:10 GMT
- request:
    method: get
    uri: http://spotlight.dbpedia.org/rest/annotate?confidence=0&support=0&text=http://cogi.strinz.me/messages/320018343_899
    body:
      encoding: US-ASCII
      string: ''
    headers:
      Accept:
      - application/json
  response:
    status:
      code: 200
      message: OK
    headers:
      Date:
      - Tue, 08 Oct 2013 23:51:18 GMT
      Server:
      - grizzly/1.9.48
      Access-Control-Allow-Origin:
      - '*'
      Content-Type:
      - application/json
      Transfer-Encoding:
      - chunked
    body:
      encoding: UTF-8
      string: |-
        {
          "@text": "http://cogi.strinz.me/messages/320018343_899",
          "@confidence": "0.0",
          "@support": "0",
          "@types": "",
          "@sparql": "",
          "@policy": "whitelist",
          "Resources":   [
                {
              "@URI": "http://dbpedia.org/resource/Hypertext_Transfer_Protocol",
              "@support": "248",
              "@types": "Freebase:/internet/protocol,Freebase:/internet,Freebase:/computer/internet_protocol,Freebase:/computer,Freebase:/internet/api",
              "@surfaceForm": "http://",
              "@offset": "0",
              "@similarityScore": "0.11038549989461899",
              "@percentageOfSecondRank": "-1.0"
            },
                {
              "@URI": "http://dbpedia.org/resource/Message",
              "@support": "153",
              "@types": "",
              "@surfaceForm": "messages",
              "@offset": "22",
              "@similarityScore": "0.11354076862335205",
              "@percentageOfSecondRank": "0.6434202120008525"
            }
          ]
        }
    http_version: 
  recorded_at: Tue, 08 Oct 2013 23:51:25 GMT
- request:
    method: get
    uri: http://spotlight.dbpedia.org/rest/annotate?confidence=0&support=0&text=hello%20you
    body:
      encoding: US-ASCII
      string: ''
    headers:
      Accept:
      - application/json
  response:
    status:
      code: 200
      message: OK
    headers:
      Date:
      - Tue, 08 Oct 2013 23:57:34 GMT
      Server:
      - grizzly/1.9.48
      Access-Control-Allow-Origin:
      - '*'
      Content-Type:
      - application/json
      Transfer-Encoding:
      - chunked
    body:
      encoding: UTF-8
      string: |-
        {
          "@text": "hello you",
          "@confidence": "0.0",
          "@support": "0",
          "@types": "",
          "@sparql": "",
          "@policy": "whitelist"
        }
    http_version: 
  recorded_at: Tue, 08 Oct 2013 23:57:41 GMT
recorded_with: VCR 2.5.0
