---
http_interactions:
- request:
    method: get
    uri: http://napi.maluuba.com/v0/interpret?apikey&phrase=hello?
    body:
      encoding: US-ASCII
      string: ''
    headers: {}
  response:
    status:
      code: 200
      message: OK
    headers:
      Content-Type:
      - application/json;charset=UTF-8
      Date:
      - Sun, 29 Sep 2013 19:50:01 GMT
      Server:
      - Apache-Coyote/1.1
      Content-Length:
      - '66'
    body:
      encoding: UTF-8
      string: '{"entities":{},"action":"KNOWLEDGE_SEARCH","category":"KNOWLEDGE"}'
    http_version: 
  recorded_at: Sun, 29 Sep 2013 19:49:11 GMT
- request:
    method: post
    uri: http://www.cleverbot.com/webservicemin
    body:
      encoding: UTF-8
      string: stimulus=hello%3F&start=y&sessionid=RZF00888571&vText8=&vText7=&vText6=&vText5=&vText4=&vText3=Hello%3F&vText2=What%20have%20you%20done%20today%3F&icognoid=wsf&icognocheck=c9234e849d667e910d8e5f4915589ad9&fno=0&prevref=QQ008733743&emotionaloutput=&emotionalhistory=&asbotname=&ttsvoice=&typing=&lineref=&sub=Say&islearning=1&cleanslate=false
    headers: {}
  response:
    status:
      code: 200
      message: OK
    headers:
      Date:
      - Sun, 29 Sep 2013 19:45:18 GMT
      Content-Type:
      - text/html;charset=iso-8859-1
      Connection:
      - keep-alive
      Set-Cookie:
      - AIS="u+D0dHZBIUXmkypEGA/A+A"; Version=1
      - JSESSIONID=469797CC56BC6FB78DEB6639F341C507; Path=/
      - RPS=cs5860
      - cleverbotfirstref2="*AKGMYXAKQFFCTTAFIOVGAHUQEICSYAHCOZAAAMKCQI"; Expires=""
      - cleverbotref="*QASYAZSSINVOVLIVUQNOQTWIMYOUQIXOQRIAQAWGSM"; Expires="Sun,
        29 Sep 2013 20:49:07 GMT"
      Mime-Version:
      - '1.0'
      Expires:
      - 'Thu, 01 Jan 1970 00: 00:00 GMT'
      Pragma:
      - no-cache
      Cache-Control:
      - no-cache;no-store
      Rps:
      - cs5860
      Rlm:
      - '1829'
      Sc:
      - '15305'
      Content-Length:
      - '127'
      Server:
      - Jabberwacky
    body:
      encoding: UTF-8
      string: "Yes.\rRZF00888571\rj2log-tCmNInAWQMALGAVOTQTE-detail\r\r\r\rHello?\rWhat
        have you done today?\rHello?\rYes.\rVH015441527\r\r\r\r\r\rYes.\r\r\r\r\r\r\r"
    http_version: 
  recorded_at: Sun, 29 Sep 2013 19:49:15 GMT
- request:
    method: get
    uri: https://api.wit.ai/message?q=hello?
    body:
      encoding: US-ASCII
      string: ''
    headers:
      Authorization:
      - Bearer <Wit Auth>
  response:
    status:
      code: 200
      message: OK
    headers:
      Content-Type:
      - application/json
      Content-Length:
      - '172'
      Server:
      - http-kit
      Date:
      - Wed, 09 Oct 2013 19:12:09 GMT
    body:
      encoding: UTF-8
      string: |-
        {
          "msg_id" : "3e0a6f5f-aa18-4db7-8955-b7fa7ef277ed",
          "msg_body" : "hello?",
          "outcome" : {
            "intent" : "hello",
            "entities" : { },
            "confidence" : 0.993
          }
        }
    http_version: 
  recorded_at: Wed, 09 Oct 2013 19:12:09 GMT
recorded_with: VCR 2.5.0
