---
http_interactions:
- request:
    method: get
    uri: http://napi.maluuba.com/v0/interpret?apikey=<Maluuba Auth>&phrase=hello?
    body:
      encoding: US-ASCII
      string: ''
    headers: {}
  response:
    status:
      code: 200
      message: OK
    headers:
      Content-Type:
      - application/json;charset=UTF-8
      Date:
      - Sun, 29 Sep 2013 18:30:26 GMT
      Server:
      - Apache-Coyote/1.1
      Content-Length:
      - '66'
    body:
      encoding: UTF-8
      string: '{"entities":{},"action":"KNOWLEDGE_SEARCH","category":"KNOWLEDGE"}'
    http_version: 
  recorded_at: Sun, 29 Sep 2013 18:29:36 GMT
- request:
    method: post
    uri: http://www.cleverbot.com/webservicemin
    body:
      encoding: UTF-8
      string: stimulus=hello%3F&start=y&sessionid=RVO01290444&vText8=&vText7=Hello%3F&vText6=Hello%20my%20name%20is%20Cleverbot.&vText5=Hello%3F&vText4=What%20do%20you%20mean%20hello%3F&vText3=Hello%3F&vText2=Ok%20nevermind.%20So%20what%20are%20you%20doing%20this%20weekend%3F&icognoid=wsf&icognocheck=c9234e849d667e910d8e5f4915589ad9&fno=0&prevref=RRA052017616&emotionaloutput=&emotionalhistory=&asbotname=&ttsvoice=&typing=&lineref=!01&sub=Say&islearning=1&cleanslate=false
    headers: {}
  response:
    status:
      code: 200
      message: OK
    headers:
      Date:
      - Sun, 29 Sep 2013 18:25:43 GMT
      Content-Type:
      - text/html;charset=iso-8859-1
      Connection:
      - keep-alive
      Set-Cookie:
      - AIS=18SEUXkVpseKbXno0HD3zQ
      - JSESSIONID=4C21CFF8D606BB36BB15822E2DFA07F6; Path=/
      - RPS=cs5860
      - cleverbotfirstref2="*YIDIYQVHLCAYTNXCGOQEYDOLBHYSTXFHOTDAYCGEQK"; Expires=""
      - cleverbotref="*EONSOGUSKNGIJMIIQEPPENEKMNIISILRESOAEOQKGI"; Expires="Sun,
        29 Sep 2013 19:29:36 GMT"
      Mime-Version:
      - '1.0'
      Expires:
      - 'Thu, 01 Jan 1970 00: 00:00 GMT'
      Pragma:
      - no-cache
      Cache-Control:
      - no-cache;no-store
      Rps:
      - cs5860
      Rlm:
      - '1772'
      Sc:
      - '13121'
      Content-Length:
      - '205'
      Server:
      - Jabberwacky
    body:
      encoding: UTF-8
      string: "Hi.\rRVO01290444\rj2log-vEzEWkGWWNWDMAAAQEYG-detail\rHello my name
        is Cleverbot.\rHello?\rWhat do you mean hello?\rHello?\rOk nevermind. So what
        are you doing this weekend?\rHello?\rHi.\rRVN011615382\r\r\r\r\r\rHi.\r\r\r\r\r\r\r"
    http_version: 
  recorded_at: Sun, 29 Sep 2013 18:29:39 GMT
- request:
    method: get
    uri: http://napi.maluuba.com/v0/interpret?apikey=1234&phrase=hello?
    body:
      encoding: US-ASCII
      string: ''
    headers: {}
  response:
    status:
      code: 401
      message: Unauthorized
    headers:
      Content-Type:
      - application/json;charset=UTF-8
      Date:
      - Sun, 29 Sep 2013 18:41:12 GMT
      Server:
      - Apache-Coyote/1.1
      Content-Length:
      - '39'
    body:
      encoding: UTF-8
      string: 'OAuth Failure : Consumer Key is Invalid'
    http_version: 
  recorded_at: Sun, 29 Sep 2013 18:40:23 GMT
recorded_with: VCR 2.5.0
