---
http_interactions:
- request:
    method: get
    uri: https://api.wit.ai/message?q=hello%20you
    body:
      encoding: US-ASCII
      string: ''
    headers:
      Authorization:
      - Bearer <Wit Auth>
  response:
    status:
      code: 200
      message: OK
    headers:
      Content-Type:
      - application/json
      Content-Length:
      - '174'
      Server:
      - http-kit
      Date:
      - Sun, 29 Sep 2013 19:38:21 GMT
    body:
      encoding: UTF-8
      string: |-
        {
          "msg_id" : "ea86ff43-36b3-41aa-8c5b-960d18a9cc9d",
          "msg_body" : "hello you",
          "outcome" : {
            "intent" : "hello",
            "entities" : { },
            "confidence" : 0.99
          }
        }
    http_version: 
  recorded_at: Sun, 29 Sep 2013 19:38:21 GMT
- request:
    method: get
    uri: http://napi.maluuba.com/v0/interpret?apikey=<Maluuba Auth>&phrase=hello%20you
    body:
      encoding: US-ASCII
      string: ''
    headers: {}
  response:
    status:
      code: 200
      message: OK
    headers:
      Content-Type:
      - application/json;charset=UTF-8
      Date:
      - Sun, 29 Sep 2013 19:39:12 GMT
      Server:
      - Apache-Coyote/1.1
      Content-Length:
      - '66'
    body:
      encoding: UTF-8
      string: '{"entities":{},"action":"KNOWLEDGE_SEARCH","category":"KNOWLEDGE"}'
    http_version: 
  recorded_at: Sun, 29 Sep 2013 19:38:22 GMT
- request:
    method: get
    uri: https://api.wit.ai/message?q=I'm%20bill
    body:
      encoding: US-ASCII
      string: ''
    headers:
      Authorization:
      - Bearer <Wit Auth>
  response:
    status:
      code: 200
      message: OK
    headers:
      Content-Type:
      - application/json
      Content-Length:
      - '335'
      Server:
      - http-kit
      Date:
      - Sun, 29 Sep 2013 19:38:22 GMT
    body:
      encoding: UTF-8
      string: |-
        {
          "msg_id" : "3155eef7-6687-42a5-ab54-6bbc437bd226",
          "msg_body" : "I'm bill",
          "outcome" : {
            "intent" : "my_name",
            "entities" : {
              "name" : {
                "source" : [ "levenum", "ner" ],
                "end" : 8,
                "start" : 4,
                "value" : "bill",
                "body" : "bill"
              }
            },
            "confidence" : 0.98
          }
        }
    http_version: 
  recorded_at: Sun, 29 Sep 2013 19:38:22 GMT
- request:
    method: get
    uri: http://napi.maluuba.com/v0/interpret?apikey=<Maluuba Auth>&phrase=I'm%20bill
    body:
      encoding: US-ASCII
      string: ''
    headers: {}
  response:
    status:
      code: 200
      message: OK
    headers:
      Content-Type:
      - application/json;charset=UTF-8
      Date:
      - Sun, 29 Sep 2013 19:39:13 GMT
      Server:
      - Apache-Coyote/1.1
      Content-Length:
      - '90'
    body:
      encoding: UTF-8
      string: '{"entities":{"contacts":[{"name":"bill"}]},"action":"CONTACT_SEARCH","category":"CONTACT"}'
    http_version: 
  recorded_at: Sun, 29 Sep 2013 19:38:23 GMT
- request:
    method: get
    uri: https://api.wit.ai/message?q=roll%20me%201d150
    body:
      encoding: US-ASCII
      string: ''
    headers:
      Authorization:
      - Bearer <Wit Auth>
  response:
    status:
      code: 200
      message: OK
    headers:
      Content-Type:
      - application/json
      Content-Length:
      - '495'
      Server:
      - http-kit
      Date:
      - Sun, 29 Sep 2013 19:38:24 GMT
    body:
      encoding: UTF-8
      string: |-
        {
          "msg_id" : "b2d7caed-28f3-4f41-a4db-b48db3473091",
          "msg_body" : "roll me 1d150",
          "outcome" : {
            "intent" : "dice_roll",
            "entities" : {
              "n_dice" : {
                "source" : [ "levenum" ],
                "end" : 9,
                "start" : 8,
                "value" : "1",
                "body" : "1"
              },
              "dice_size" : {
                "source" : [ "levenum", "ner" ],
                "end" : 13,
                "start" : 9,
                "value" : "d150",
                "body" : "d150"
              }
            },
            "confidence" : 0.994
          }
        }
    http_version: 
  recorded_at: Sun, 29 Sep 2013 19:38:24 GMT
- request:
    method: get
    uri: http://napi.maluuba.com/v0/interpret?apikey=<Maluuba Auth>&phrase=roll%20me%201d150
    body:
      encoding: US-ASCII
      string: ''
    headers: {}
  response:
    status:
      code: 200
      message: OK
    headers:
      Content-Type:
      - application/json;charset=UTF-8
      Date:
      - Sun, 29 Sep 2013 19:39:14 GMT
      Server:
      - Apache-Coyote/1.1
      Content-Length:
      - '86'
    body:
      encoding: UTF-8
      string: '{"entities":{"searchTerm":["1d150"]},"action":"BUSINESS_SEARCH","category":"BUSINESS"}'
    http_version: 
  recorded_at: Sun, 29 Sep 2013 19:38:24 GMT
- request:
    method: get
    uri: https://api.wit.ai/message?q=roll%20me%204d12
    body:
      encoding: US-ASCII
      string: ''
    headers:
      Authorization:
      - Bearer <Wit Auth>
  response:
    status:
      code: 200
      message: OK
    headers:
      Content-Type:
      - application/json
      Content-Length:
      - '492'
      Server:
      - http-kit
      Date:
      - Sun, 29 Sep 2013 19:38:25 GMT
    body:
      encoding: UTF-8
      string: |-
        {
          "msg_id" : "5148cd8f-678c-46e9-84f0-44dc8f1cccfc",
          "msg_body" : "roll me 4d12",
          "outcome" : {
            "intent" : "dice_roll",
            "entities" : {
              "n_dice" : {
                "source" : [ "levenum" ],
                "end" : 9,
                "start" : 8,
                "value" : "4",
                "body" : "4"
              },
              "dice_size" : {
                "source" : [ "levenum", "ner" ],
                "end" : 12,
                "start" : 9,
                "value" : "d12",
                "body" : "d12"
              }
            },
            "confidence" : 0.993
          }
        }
    http_version: 
  recorded_at: Sun, 29 Sep 2013 19:38:25 GMT
- request:
    method: get
    uri: http://napi.maluuba.com/v0/interpret?apikey=<Maluuba Auth>&phrase=roll%20me%204d12
    body:
      encoding: US-ASCII
      string: ''
    headers: {}
  response:
    status:
      code: 200
      message: OK
    headers:
      Content-Type:
      - application/json;charset=UTF-8
      Date:
      - Sun, 29 Sep 2013 19:39:16 GMT
      Server:
      - Apache-Coyote/1.1
      Content-Length:
      - '85'
    body:
      encoding: UTF-8
      string: '{"entities":{"searchTerm":["4d12"]},"action":"BUSINESS_SEARCH","category":"BUSINESS"}'
    http_version: 
  recorded_at: Sun, 29 Sep 2013 19:38:25 GMT
recorded_with: VCR 2.5.0
