---
http_interactions:
- request:
    method: get
    uri: http://napi.maluuba.com/v0/interpret?apikey&phrase=hello%20you
    body:
      encoding: US-ASCII
      string: ''
    headers: {}
  response:
    status:
      code: 200
      message: OK
    headers:
      Content-Type:
      - application/json;charset=UTF-8
      Date:
      - Mon, 23 Sep 2013 23:11:35 GMT
      Server:
      - Apache-Coyote/1.1
      Content-Length:
      - '66'
    body:
      encoding: UTF-8
      string: '{"entities":{},"action":"KNOWLEDGE_SEARCH","category":"KNOWLEDGE"}'
    http_version: 
  recorded_at: Mon, 23 Sep 2013 23:10:47 GMT
- request:
    method: get
    uri: http://napi.maluuba.com/v0/interpret?apikey&phrase=I'm%20bill
    body:
      encoding: US-ASCII
      string: ''
    headers: {}
  response:
    status:
      code: 200
      message: OK
    headers:
      Content-Type:
      - application/json;charset=UTF-8
      Date:
      - Mon, 23 Sep 2013 23:11:35 GMT
      Server:
      - Apache-Coyote/1.1
      Content-Length:
      - '90'
    body:
      encoding: UTF-8
      string: '{"entities":{"contacts":[{"name":"bill"}]},"action":"CONTACT_SEARCH","category":"CONTACT"}'
    http_version: 
  recorded_at: Mon, 23 Sep 2013 23:10:48 GMT
- request:
    method: get
    uri: http://napi.maluuba.com/v0/interpret?apikey&phrase=roll%20me%201d150
    body:
      encoding: US-ASCII
      string: ''
    headers: {}
  response:
    status:
      code: 200
      message: OK
    headers:
      Content-Type:
      - application/json;charset=UTF-8
      Date:
      - Mon, 23 Sep 2013 23:11:37 GMT
      Server:
      - Apache-Coyote/1.1
      Content-Length:
      - '86'
    body:
      encoding: UTF-8
      string: '{"entities":{"searchTerm":["1d150"]},"action":"BUSINESS_SEARCH","category":"BUSINESS"}'
    http_version: 
  recorded_at: Mon, 23 Sep 2013 23:10:48 GMT
- request:
    method: get
    uri: http://napi.maluuba.com/v0/interpret?apikey&phrase=roll%20me%204d12
    body:
      encoding: US-ASCII
      string: ''
    headers: {}
  response:
    status:
      code: 200
      message: OK
    headers:
      Content-Type:
      - application/json;charset=UTF-8
      Date:
      - Mon, 23 Sep 2013 23:11:37 GMT
      Server:
      - Apache-Coyote/1.1
      Content-Length:
      - '85'
    body:
      encoding: UTF-8
      string: '{"entities":{"searchTerm":["4d12"]},"action":"BUSINESS_SEARCH","category":"BUSINESS"}'
    http_version: 
  recorded_at: Mon, 23 Sep 2013 23:10:49 GMT
recorded_with: VCR 2.5.0
